A_62X_260812_1151_C.ZIP
A_62X_260813_1135_C.ZIP
A_62X_260814_1214_C.ZIP
A_62X_260816_1133_C.ZIP
A_62X_260818_1402_C.ZIP
A_1Y8_260814_1220_C.ZIP
A_1Y9_260814_1223_C.ZIP

A_9N7_260814_1226_C.ZIP
A_9N7_260819_1417_C.ZIP
A_1Y9_260819_1405_C.ZIP
A_1Y8_260819_1357_C.ZIP
A_62X_260819_1350_C.ZIP
A_1Y8_260827_1300_C.ZIP
A_9N7_260826_1241_C.ZIP
A_1Y9_260827_1236_C.ZIP
A_62X_260827_1231_C.ZIP
A_1Y9_260826_1155_C.ZIP
A_1Y8_260826_1147_C.ZIP
A_62X_260826_1201_C.ZIP
A_9N7_260825_1136_C.ZIP
A_1Y9_260825_1122_C.ZIP
A_1Y8_260825_1114_C.ZIP
A_62X_260825_1127_C.ZIP
A_9N7_260825_1136_C.ZIP
A_1Y9_260825_1122_C.ZIP
A_1Y8_260825_1114_C.ZIP
A_62X_260825_1127_C.ZIP
A_1Y9_260825_1122_C.ZIP
A_1Y8_260825_1114_C.ZIP
A_62X_260825_1127_C.ZIP
A_9N7_260820_1339_C.ZIP
A_1Y9_260820_1332_C.ZIP
A_1Y8_260820_1230_C.ZIP
A_62X_260820_1212_C.ZIP
A_9N7_260830_1248_C.ZIP
A_9N7_260829_1246_C.ZIP
A_1Y9_260830_1228_C.ZIP
A_1Y9_260829_1225_C.ZIP
A_1Y8_260830_1221_C.ZIP
A_1Y8_260829_1216_C.ZIP
A_62X_260830_1242_C.ZIP
A_62X_260829_1236_C.ZIP
A_9N7_260828_1346_C.ZIP
A_9N7_260828_1346_C.ZIP
A_9N7_260827_1344_C.ZIP
A_1Y9_260828_1153_C.ZIP
A_1Y8_260828_1149_C.ZIP
A_62X_260828_1200_C.ZIP
A_9N7_260901_1136_C.ZIP
A_1Y9_260901_1126_C.ZIP
A_1Y8_260901_1118_C.ZIP
A_62X_260901_1130_C.ZIP
M_9N7_260831_1127_C.ZIP
M_1Y9_260831_1118_C.ZIP
M_1Y8_260831_1113_C.ZIP
M_62X_260831_1123_C.ZIP
A_9N7_260902_1136_C.ZIP
A_1Y9_260902_1127_C.ZIP
A_1Y8_260902_1123_C.ZIP
A_62X_260902_1131_C.ZIP
